Godot Engine v4.7.2.stable.official.ed1daf0bf - https://godotengine.org
OpenGL API 4.1 Metal - 90.5 - Compatibility - Using Device: Apple - Apple M3 Max

LAST_CAST launch {"coins":0,"continued_expedition":false,"pause_when_unfocused":false,"unlocked":0}
INSPECT_READY gl_compatibility opengl3
LAST_CAST fishing_state {"focus_pace":false,"progress":0.0,"state":"idle","tension":0.0,"toggle_controls":true}
INSPECT _close_modal() => <null> 
INSPECT set("active",false) => <null> 
INSPECT set("focus_pace",false) => <null> 
INSPECT actor.reset_home() => <null> 
INSPECT actor.set("camera_yaw",.28) => <null> 
INSPECT actor.set("camera_pitch",.46) => <null> 
INSPECT actor.set("camera_distance",10.5) => <null> 
INSPECT actor.set("camera_ready",false) => <null> 
INSPECT_PROFILE final-before-shore 16.6666916666667 p95 17.267
INSPECT actor.board() => <null> 
INSPECT actor.set("position",Vector3(18,.35,16)) => <null> 
INSPECT actor.set("camera_ready",false) => <null> 
INSPECT_PROFILE final-before-boat 16.6759049471929 p95 18.511
INSPECT actor.set("toggle_controls",true) => <null> 
INSPECT actor.set("move_latch",Vector2(.7,-1)) => <null> 
INSPECT_PROFILE final-before-sailing 16.9595050904977 p95 18.979
INSPECT actor.board() => <null> 
INSPECT actor.set("position",Vector3(18,.35,16)) => <null> 
INSPECT actor.set("camera_ready",false) => <null> 
INSPECT set("daylight",45.0) => <null> 
INSPECT set("active",true) => <null> 
INSPECT_PROFILE final-before-sunset 16.6667933333334 p95 19.542
INSPECT get_tree().quit() => <null> 
