Godot Engine v4.7.2.stable.official.ed1daf0bf - https://godotengine.org

[   0% ] first_scan_filesystem | Started Project initialization (5 steps)
[   0% ] first_scan_filesystem | Scanning file structure...
[  16% ] first_scan_filesystem | Loading global class names...
[  33% ] first_scan_filesystem | Verifying GDExtensions...
[  50% ] first_scan_filesystem | Creating autoload scripts...
[  66% ] first_scan_filesystem | Initializing plugins...
[  83% ] first_scan_filesystem | Starting file scan...
[ DONE ] first_scan_filesystem

[   0% ] export | Started Exporting for macOS (3 steps)
[   0% ] export | Creating app bundle
[  25% ] export | Making PKG
[   0% ] savepack | Started Packing (102 steps)
[   1% ] savepack | Storing File: res://scripts/actor.gdc
[   6% ] savepack | Storing File: res://scripts/actor_visuals.gdc
[  11% ] savepack | Storing File: res://scripts/fishing.gdc
[  16% ] savepack | Storing File: res://scripts/fishing_hud.gdc
[  22% ] savepack | Storing File: res://scripts/main.gdc
[  27% ] savepack | Storing File: res://scripts/waterbed.gdc
[  32% ] savepack | Storing File: res://scripts/world.gdc
[  36% ] savepack | Storing File: res://shaders/coastal_rock.gdshader
[  42% ] savepack | Storing File: res://shaders/foliage.gdshader
[  47% ] savepack | Storing File: res://shaders/plaster.gdshader
[  52% ] savepack | Storing File: res://shaders/roof.gdshader
[  57% ] savepack | Storing File: res://shaders/seabed.gdshader
[  63% ] savepack | Storing File: res://shaders/sky.gdshader
[  67% ] savepack | Storing File: res://shaders/terrain.gdshader
[  72% ] savepack | Storing File: res://shaders/timber.gdshader
[  77% ] savepack | Storing File: res://shaders/wake.gdshader
[  83% ] savepack | Storing File: res://shaders/water.gdshader
[  88% ] savepack | Storing File: res://.godot/imported/icon.svg-218a8f2b3041327d8a5756f3a245f83b.ctex
[  88% ] savepack | Storing File: res://icon.svg.import
[  93% ] savepack | Storing File: res://.godot/exported/133200997/export-3070c538c03ee49b7677ff960a3f5195-main.scn
[  93% ] savepack | Storing File: res://scripts/actor.gd.remap
[  93% ] savepack | Storing File: res://scripts/actor_visuals.gd.remap
[  93% ] savepack | Storing File: res://scripts/fishing.gd.remap
[  93% ] savepack | Storing File: res://scripts/fishing_hud.gd.remap
[  93% ] savepack | Storing File: res://scripts/main.gd.remap
[  93% ] savepack | Storing File: res://scripts/waterbed.gd.remap
[  93% ] savepack | Storing File: res://scripts/world.gd.remap
[  93% ] savepack | Storing File: res://main.tscn.remap
[  93% ] savepack | Storing File: res://.godot/global_script_class_cache.cfg
[  93% ] savepack | Storing File: res://icon.svg
[  93% ] savepack | Storing File: res://.godot/uid_cache.bin
[  93% ] savepack | Storing File: res://project.binary
[ DONE ] savepack

[  50% ] export | Code signing bundle
[ DONE ] export

