Godot Engine v4.7.2.stable.official.ed1daf0bf - https://godotengine.org

[   0% ] [90m[1mfirst_scan_filesystem[22m | Started Project initialization (5 steps)[39m[0m
[   0% ] [90m[1mfirst_scan_filesystem[22m | Scanning file structure...[39m[0m
[  16% ] [90m[1mfirst_scan_filesystem[22m | Loading global class names...[39m[0m
[  33% ] [90m[1mfirst_scan_filesystem[22m | Verifying GDExtensions...[39m[0m
[  50% ] [90m[1mfirst_scan_filesystem[22m | Creating autoload scripts...[39m[0m
[  66% ] [90m[1mfirst_scan_filesystem[22m | Initializing plugins...[39m[0m
[  83% ] [90m[1mfirst_scan_filesystem[22m | Starting file scan...[39m[0m
[92m[ DONE ][39m [1mfirst_scan_filesystem[22m
[0m
[   0% ] [90m[1msavepack[22m | Started Packing (102 steps)[39m[0m
[   1% ] [90m[1msavepack[22m | Storing File: res://.godot/exported/133200997/export-3070c538c03ee49b7677ff960a3f5195-main.scn[39m[0m
[   6% ] [90m[1msavepack[22m | Storing File: res://scripts/character_mesh.gdc[39m[0m
[  11% ] [90m[1msavepack[22m | Storing File: res://scripts/flight_model.gdc[39m[0m
[  16% ] [90m[1msavepack[22m | Storing File: res://scripts/frame_metrics.gdc[39m[0m
[  21% ] [90m[1msavepack[22m | Storing File: res://scripts/game.gdc[39m[0m
[  26% ] [90m[1msavepack[22m | Storing File: res://scripts/geometry.gdc[39m[0m
[  31% ] [90m[1msavepack[22m | Storing File: res://scripts/hud.gdc[39m[0m
[  35% ] [90m[1msavepack[22m | Storing File: res://scripts/mountain.gdc[39m[0m
[  40% ] [90m[1msavepack[22m | Storing File: res://scripts/sound.gdc[39m[0m
[  45% ] [90m[1msavepack[22m | Storing File: res://scripts/squirrel.gdc[39m[0m
[  50% ] [90m[1msavepack[22m | Storing File: res://shaders/bark.gdshader[39m[0m
[  55% ] [90m[1msavepack[22m | Storing File: res://shaders/character_fur.gdshader[39m[0m
[  60% ] [90m[1msavepack[22m | Storing File: res://shaders/foliage.gdshader[39m[0m
[  65% ] [90m[1msavepack[22m | Storing File: res://shaders/groundcover.gdshader[39m[0m
[  69% ] [90m[1msavepack[22m | Storing File: res://shaders/land.gdshader[39m[0m
[  74% ] [90m[1msavepack[22m | Storing File: res://shaders/membrane.gdshader[39m[0m
[  79% ] [90m[1msavepack[22m | Storing File: res://shaders/pigment.gdshaderinc[39m[0m
[  84% ] [90m[1msavepack[22m | Storing File: res://shaders/rock.gdshader[39m[0m
[  89% ] [90m[1msavepack[22m | Storing File: res://shaders/sky.gdshader[39m[0m
[  94% ] [90m[1msavepack[22m | Storing File: res://shaders/water.gdshader[39m[0m
[  94% ] [90m[1msavepack[22m | Storing File: res://main.tscn.remap[39m[0m
[  94% ] [90m[1msavepack[22m | Storing File: res://scripts/character_mesh.gd.remap[39m[0m
[  94% ] [90m[1msavepack[22m | Storing File: res://scripts/flight_model.gd.remap[39m[0m
[  94% ] [90m[1msavepack[22m | Storing File: res://scripts/frame_metrics.gd.remap[39m[0m
[  94% ] [90m[1msavepack[22m | Storing File: res://scripts/game.gd.remap[39m[0m
[  94% ] [90m[1msavepack[22m | Storing File: res://scripts/geometry.gd.remap[39m[0m
[  94% ] [90m[1msavepack[22m | Storing File: res://scripts/hud.gd.remap[39m[0m
[  94% ] [90m[1msavepack[22m | Storing File: res://scripts/mountain.gd.remap[39m[0m
[  94% ] [90m[1msavepack[22m | Storing File: res://scripts/sound.gd.remap[39m[0m
[  94% ] [90m[1msavepack[22m | Storing File: res://scripts/squirrel.gd.remap[39m[0m
[  94% ] [90m[1msavepack[22m | Storing File: res://.godot/global_script_class_cache.cfg[39m[0m
[  94% ] [90m[1msavepack[22m | Storing File: res://.godot/uid_cache.bin[39m[0m
[  94% ] [90m[1msavepack[22m | Storing File: res://project.binary[39m[0m
[92m[ DONE ][39m [1msavepack[22m
[0m
